// Jest Snapshot v1, https://goo.gl/fbAQLP

exports[`Test if my_profile renderers correctly 1`] = `
<div
  className="profile-content"
>
  <div
    className="missions"
  >
    <h1>
      Missions
    </h1>
    <div
      className="mission-list"
    >
      <ul
        className="user-missions"
      >
        <p>
          No Mission Joined
        </p>
      </ul>
    </div>
  </div>
  <div
    className="rockets"
  >
    <h1
      className="heading"
    >
      Rockets
    </h1>
    <div
      className="rocket-list"
    >
      <ul
        className="user-rockets"
      >
        <p>
          No Rocket Reserved
        </p>
      </ul>
    </div>
  </div>
</div>
`;
